DAS Tool 1.1.7 
2026-09-17 16:51:01.836614 

Parameters: 
--bins	concoct.contigs2bin.tsv,metabat2.contigs2bin.tsv
--contigs	contigs.fa
--outputbasename	dastool/coassembly
--labels	concoct,metabat2
--search_engine	diamond
--proteins	NULL
--write_bin_evals	FALSE
--write_bins	TRUE
--write_unbinned	FALSE
--threads	2
--score_threshold	0.05
--duplicate_penalty	0.6
--megabin_penalty	0.5
--max_iter_post_threshold	10
--dbDirectory	db
--resume	FALSE
--debug	FALSE
--version	FALSE
--help	FALSE

Dependencies: 
prodigal	/softs/contrib/apps/anaconda/3/envs/das_tool-1.1.7/bin/prodigal
diamond	/softs/contrib/apps/anaconda/3/envs/das_tool-1.1.7/bin/diamond
pullseq	/softs/contrib/apps/anaconda/3/envs/das_tool-1.1.7/bin/pullseq
ruby	/softs/contrib/apps/anaconda/3/envs/das_tool-1.1.7/share/rubygems/bin/ruby
usearch	
blastp	/softs/contrib/apps/anaconda/3/envs/das_tool-1.1.7/bin/blastp

Analyzing assembly 
Predicting genes 
Annotating single copy genes using diamond 
Dereplicating, aggregating, and scoring bins 
Writing bins 
